src/pages/Dashboard.tsx(1,8): error TS6133: 'React' is declared but its value is never read.
src/pages/Dashboard.tsx(4,3): error TS6133: 'BarChart' is declared but its value is never read.
src/pages/Dashboard.tsx(4,13): error TS6133: 'Bar' is declared but its value is never read.
src/pages/Dashboard.tsx(139,50): error TS6133: 'entry' is declared but its value is never read.
